
> cdesarrolloexcelapp@0.0.0 build
> vite build

[36mvite v8.0.2 [32mbuilding client environment for production...[36m[39m
[2K
transforming...Ô£ô 638 modules transformed.
node.exe : [31mÔ£ù[39m 
Build failed in 138ms
En línea: 1 Carácter: 1
+ & "C:\Program 
Files\nodejs/node.exe" 
"C:\Program 
Files\nodejs/node_mo ...
+ ~~~~~~~~~~~~~~~~~~~~~~~~~
~~~~~~~~~~~~~~~~~~~~~~~~~~~
~~~~~~~~~~~~~~~~~
    + CategoryInfo         
     : NotSpecified: ([3  
  1mÔ£ù[39m Build faile   
 d in 138ms:String) [],    
 RemoteException
    + FullyQualifiedErrorI 
   d : NativeCommandError
 
[31merror during build:
[31mBuild failed with 1 
error:

[31m[builtin:vite-transfor
m] Error:[0m Expected `,` 
or `)` but found 
`Identifier`
     [38;5;246mÔò¡[0m[38
;5;246mÔöÇ[0m[38;5;246m[
[0m src/components/GestionP
roductos.jsx:385:18 
[38;5;246m][0m
     [38;5;246mÔöé[0m
 [38;5;246m374 Ôöé[0m 
[38;5;249m 
[0m[38;5;249m [0m[38;5;
249mr[0m[38;5;249me[0m[
38;5;249mt[0m[38;5;249mu
[0m[38;5;249mr[0m[38;5;2
49mn[0m[38;5;249m [0m(
 [38;5;240m    Ôöé[0m    
      Ôö¼  
 [38;5;240m    Ôöé[0m    
      Ôò░ÔöÇÔöÇ Opened here
 [38;5;240m    Ôöé[0m 
 [38;5;246m385 Ôöé[0m 
[38;5;249m 
[0m[38;5;249m 
[0m[38;5;249m 
[0m[38;5;249m 
[0m[38;5;249m 
[0m[38;5;249m 
[0m[38;5;249m 
[0m[38;5;249m 
[0m[38;5;249m 
[0m[38;5;249m 
[0m[38;5;249m 
[0m[38;5;249m [0m[38;5;
249m<[0m[38;5;249md[0m[
38;5;249mi[0m[38;5;249mv
[0m[38;5;249m [0mclassNam
e[38;5;249m=[0m[38;5;249
m"[0m[38;5;249ms[0m[38;
5;249me[0m[38;5;249ma[0m
[38;5;249mr[0m[38;5;249m
c[0m[38;5;249mh[0m[38;5
;249m-[0m[38;5;249mb[0m
[38;5;249mo[0m[38;5;249mx
[0m[38;5;249m"[0m[38;5;
249m [0m[38;5;249ms[0m[
38;5;249mt[0m[38;5;249my
[0m[38;5;249ml[0m[38;5;2
49me[0m[38;5;249m=[0m[3
8;5;249m{[0m[38;5;249m{[
0m[38;5;249m [0m[38;5;24
9mw[0m[38;5;249mi[0m[38
;5;249md[0m[38;5;249mt[0
m[38;5;249mh[0m[38;5;249
m:[0m[38;5;249m [0m[38;
5;249m'[0m[38;5;249m1[0m
[38;5;249m0[0m[38;5;249m
0[0m[38;5;249m%[0m[38;5
;249m'[0m[38;5;249m,[0m
[38;5;249m [0m[38;5;249mm
[0m[38;5;249ma[0m[38;5;
249mr[0m[38;5;249mg[0m[
38;5;249mi[0m[38;5;249mn
[0m[38;5;249mB[0m[38;5;2
49mo[0m[38;5;249mt[0m[3
8;5;249mt[0m[38;5;249mo[
0m[38;5;249mm[0m[38;5;24
9m:[0m[38;5;249m [0m[38
;5;249m'[0m[38;5;249m4[0
m[38;5;249mp[0m[38;5;249
mx[0m[38;5;249m'[0m[38;
5;249m [0m[38;5;249m}[0m
[38;5;249m}[0m[38;5;249m
>[0m
 [38;5;240m    Ôöé[0m    
              ÔöÇÔöÇÔöÇÔöÇÔ
ö¼ÔöÇÔöÇÔöÇÔöÇ  
 [38;5;240m    Ôöé[0m    
                  
Ôò░ÔöÇÔöÇÔöÇÔöÇÔöÇÔöÇ `,` 
or `)` expected
[38;5;246mÔöÇÔöÇÔöÇÔöÇÔöÇÔ
ò»[0m
[31m
    at aggregateBindingErro
rsIntoJsError (file:///C:/d
esarrollo/excel/app/node_mo
dules/rolldown/dist/shared/
error-D8cGyrC7.mjs:48:18)
    at unwrapBindingResult 
(file:///C:/desarrollo/exce
l/app/node_modules/rolldown
/dist/shared/error-D8cGyrC7
.mjs:18:128)
    at #build (file:///C:/d
esarrollo/excel/app/node_mo
dules/rolldown/dist/shared/
rolldown-build-CL9PyQ2E.mjs
:3313:34)
    at async 
buildEnvironment (file:///C
:/desarrollo/excel/app/node
_modules/vite/dist/node/chu
nks/node.js:32829:64)
    at async Object.build (
file:///C:/desarrollo/excel
/app/node_modules/vite/dist
/node/chunks/node.js:33251:
19)
    at async 
Object.buildApp (file:///C:
/desarrollo/excel/app/node_
modules/vite/dist/node/chun
ks/node.js:33248:153)
    at async 
CAC.<anonymous> (file:///C:
/desarrollo/excel/app/node_
modules/vite/dist/node/cli.
js:778:3) {
  errors: [Getter/Setter]
}[39m
